exports[`validator removeEmptyFields removes [{}] 1`] = `
Object {
  "id": 15,
}
`;
